../Core/Src/main.c:69:1:HAL_GPIO_EXTI_Callback	16	static
../Core/Src/main.c:104:5:main	3888	static
../Core/Src/main.c:387:13:printer	16	static
../Core/Src/main.c:391:13:printCrazyMessage	128	static
../Core/Src/main.c:397:6:drawGraphs	128	static
../Core/Src/main.c:458:13:incrementBattery	16	static
../Core/Src/main.c:462:13:decrementBattery	16	static
../Core/Src/main.c:466:7:roundToFourDecimalPlaces	24	static
../Core/Src/main.c:471:5:max	16	static
../Core/Src/main.c:475:5:min	16	static
../Core/Src/main.c:480:13:initialiseLED	32	static
../Core/Src/main.c:492:13:initialiseSysTick	8	static
../Core/Src/main.c:496:13:initialisePins	32	static
../Core/Src/main.c:508:13:initialiseUART	32	static
../Core/Src/main.c:536:13:initialiseButton	8	static
../Core/Src/main.c:540:13:initialiseSensors	8	static
../Core/Src/main.c:550:13:readGyroscope	40	static
../Core/Src/main.c:559:13:readMagnetometer	32	static
../Core/Src/main.c:567:13:readPressureSensor	16	static
../Core/Src/main.c:571:13:readHumiditySensor	16	static
../Core/Src/main.c:575:13:readAccelerometer	40	static
../Core/Src/main.c:586:13:readTemperatureSensor	16	static
